// Jest Snapshot v1, https://goo.gl/fbAQLP

exports[`Test Table render Table 1`] = `
<div
  className="ant-table-wrapper"
>
  <div
    className="ant-spin-nested-loading"
  >
    <div
      className="ant-spin-container"
      key="container"
    >
      <div
        className="ant-table"
      >
        <div
          className="ant-table-container"
        >
          <div
            className="ant-table-content"
            onScroll={[Function]}
            style={Object {}}
          >
            <table
              style={
                Object {
                  "tableLayout": "auto",
                }
              }
            >
              <colgroup />
              <thead
                className="ant-table-thead"
              >
                <tr>
                  <th
                    className="ant-table-cell"
                    colSpan={null}
                    rowSpan={null}
                    style={Object {}}
                  >
                    Name
                  </th>
                  <th
                    className="ant-table-cell"
                    colSpan={null}
                    rowSpan={null}
                    style={Object {}}
                  >
                    Age
                  </th>
                  <th
                    className="ant-table-cell"
                    colSpan={null}
                    rowSpan={null}
                    style={Object {}}
                  >
                    Address
                  </th>
                  <th
                    className="ant-table-cell"
                    colSpan={null}
                    rowSpan={null}
                    style={Object {}}
                  >
                    Tags
                  </th>
                  <th
                    className="ant-table-cell"
                    colSpan={null}
                    rowSpan={null}
                    style={Object {}}
                  >
                    Action
                  </th>
                </tr>
              </thead>
              <tbody
                className="ant-table-tbody"
              >
                <tr
                  className="ant-table-row ant-table-row-level-0"
                  onClick={[Function]}
                  style={Object {}}
                >
                  <td
                    className="ant-table-cell"
                    colSpan={null}
                    rowSpan={null}
                    style={Object {}}
                  >
                    <a
                      href="/"
                    >
                      John Brown
                    </a>
                  </td>
                  <td
                    className="ant-table-cell"
                    colSpan={null}
                    rowSpan={null}
                    style={Object {}}
                  >
                    32
                  </td>
                  <td
                    className="ant-table-cell"
                    colSpan={null}
                    rowSpan={null}
                    style={Object {}}
                  >
                    New York No. 1 Lake Park
                  </td>
                  <td
                    className="ant-table-cell"
                    colSpan={null}
                    rowSpan={null}
                    style={Object {}}
                  >
                    <span>
                      <span
                        className="ant-tag ant-tag-green"
                        style={
                          Object {
                            "backgroundColor": undefined,
                          }
                        }
                      >
                        NICE
                      </span>
                      <span
                        className="ant-tag ant-tag-geekblue"
                        style={
                          Object {
                            "backgroundColor": undefined,
                          }
                        }
                      >
                        DEVELOPER
                      </span>
                    </span>
                  </td>
                  <td
                    className="ant-table-cell"
                    colSpan={null}
                    rowSpan={null}
                    style={Object {}}
                  >
                    <div
                      className="ant-space ant-space-horizontal ant-space-align-center"
                    >
                      <div
                        className="ant-space-item"
                        style={
                          Object {
                            "marginRight": 16,
                          }
                        }
                      >
                        <a
                          href="/"
                        >
                          Invite
                          John Brown
                        </a>
                      </div>
                      <div
                        className="ant-space-item"
                        style={Object {}}
                      >
                        <a
                          href="/"
                        >
                          Delete
                        </a>
                      </div>
                    </div>
                  </td>
                </tr>
                <tr
                  className="ant-table-row ant-table-row-level-0"
                  onClick={[Function]}
                  style={Object {}}
                >
                  <td
                    className="ant-table-cell"
                    colSpan={null}
                    rowSpan={null}
                    style={Object {}}
                  >
                    <a
                      href="/"
                    >
                      Jim Green
                    </a>
                  </td>
                  <td
                    className="ant-table-cell"
                    colSpan={null}
                    rowSpan={null}
                    style={Object {}}
                  >
                    42
                  </td>
                  <td
                    className="ant-table-cell"
                    colSpan={null}
                    rowSpan={null}
                    style={Object {}}
                  >
                    London No. 1 Lake Park
                  </td>
                  <td
                    className="ant-table-cell"
                    colSpan={null}
                    rowSpan={null}
                    style={Object {}}
                  >
                    <span>
                      <span
                        className="ant-tag ant-tag-volcano"
                        style={
                          Object {
                            "backgroundColor": undefined,
                          }
                        }
                      >
                        LOSER
                      </span>
                    </span>
                  </td>
                  <td
                    className="ant-table-cell"
                    colSpan={null}
                    rowSpan={null}
                    style={Object {}}
                  >
                    <div
                      className="ant-space ant-space-horizontal ant-space-align-center"
                    >
                      <div
                        className="ant-space-item"
                        style={
                          Object {
                            "marginRight": 16,
                          }
                        }
                      >
                        <a
                          href="/"
                        >
                          Invite
                          Jim Green
                        </a>
                      </div>
                      <div
                        className="ant-space-item"
                        style={Object {}}
                      >
                        <a
                          href="/"
                        >
                          Delete
                        </a>
                      </div>
                    </div>
                  </td>
                </tr>
                <tr
                  className="ant-table-row ant-table-row-level-0"
                  onClick={[Function]}
                  style={Object {}}
                >
                  <td
                    className="ant-table-cell"
                    colSpan={null}
                    rowSpan={null}
                    style={Object {}}
                  >
                    <a
                      href="/"
                    >
                      Joe Black
                    </a>
                  </td>
                  <td
                    className="ant-table-cell"
                    colSpan={null}
                    rowSpan={null}
                    style={Object {}}
                  >
                    32
                  </td>
                  <td
                    className="ant-table-cell"
                    colSpan={null}
                    rowSpan={null}
                    style={Object {}}
                  >
                    Sidney No. 1 Lake Park
                  </td>
                  <td
                    className="ant-table-cell"
                    colSpan={null}
                    rowSpan={null}
                    style={Object {}}
                  >
                    <span>
                      <span
                        className="ant-tag ant-tag-green"
                        style={
                          Object {
                            "backgroundColor": undefined,
                          }
                        }
                      >
                        COOL
                      </span>
                      <span
                        className="ant-tag ant-tag-geekblue"
                        style={
                          Object {
                            "backgroundColor": undefined,
                          }
                        }
                      >
                        TEACHER
                      </span>
                    </span>
                  </td>
                  <td
                    className="ant-table-cell"
                    colSpan={null}
                    rowSpan={null}
                    style={Object {}}
                  >
                    <div
                      className="ant-space ant-space-horizontal ant-space-align-center"
                    >
                      <div
                        className="ant-space-item"
                        style={
                          Object {
                            "marginRight": 16,
                          }
                        }
                      >
                        <a
                          href="/"
                        >
                          Invite
                          Joe Black
                        </a>
                      </div>
                      <div
                        className="ant-space-item"
                        style={Object {}}
                      >
                        <a
                          href="/"
                        >
                          Delete
                        </a>
                      </div>
                    </div>
                  </td>
                </tr>
              </tbody>
            </table>
          </div>
        </div>
      </div>
      <ul
        className="ant-pagination ant-table-pagination ant-table-pagination-right"
        style={Object {}}
        unselectable="unselectable"
      >
        <li
          aria-disabled={true}
          className="ant-pagination-prev ant-pagination-disabled"
          onClick={[Function]}
          onKeyPress={[Function]}
          tabIndex={null}
          title="Previous Page"
        >
          <button
            className="ant-pagination-item-link"
            disabled={true}
            tabIndex={-1}
            type="button"
          >
            <span
              aria-label="left"
              className="anticon anticon-left"
              role="img"
            >
              <svg
                aria-hidden="true"
                data-icon="left"
                fill="currentColor"
                focusable="false"
                height="1em"
                key="svg-left"
                viewBox="64 64 896 896"
                width="1em"
              >
                <path
                  d="M724 218.3V141c0-6.7-7.7-10.4-12.9-6.3L260.3 486.8a31.86 31.86 0 000 50.3l450.8 352.1c5.3 4.1 12.9.4 12.9-6.3v-77.3c0-4.9-2.3-9.6-6.1-12.6l-360-281 360-281.1c3.8-3 6.1-7.7 6.1-12.6z"
                  key="svg-left-svg-0"
                />
              </svg>
            </span>
          </button>
        </li>
        <li
          className="ant-pagination-item ant-pagination-item-1 ant-pagination-item-active"
          onClick={[Function]}
          onKeyPress={[Function]}
          tabIndex="0"
          title={1}
        >
          <a
            rel="nofollow"
          >
            1
          </a>
        </li>
        <li
          aria-disabled={true}
          className="ant-pagination-next ant-pagination-disabled"
          onClick={[Function]}
          onKeyPress={[Function]}
          tabIndex={null}
          title="Next Page"
        >
          <button
            className="ant-pagination-item-link"
            disabled={true}
            tabIndex={-1}
            type="button"
          >
            <span
              aria-label="right"
              className="anticon anticon-right"
              role="img"
            >
              <svg
                aria-hidden="true"
                data-icon="right"
                fill="currentColor"
                focusable="false"
                height="1em"
                key="svg-right"
                viewBox="64 64 896 896"
                width="1em"
              >
                <path
                  d="M765.7 486.8L314.9 134.7A7.97 7.97 0 00302 141v77.3c0 4.9 2.3 9.6 6.1 12.6l360 281.1-360 281.1c-3.9 3-6.1 7.7-6.1 12.6V883c0 6.7 7.7 10.4 12.9 6.3l450.8-352.1a31.96 31.96 0 000-50.4z"
                  key="svg-right-svg-0"
                />
              </svg>
            </span>
          </button>
        </li>
      </ul>
    </div>
  </div>
</div>
`;
